helmfiles:
- path: helmfiles/nginx/helmfile.yaml
- path: helmfiles/jx/helmfile.yaml
